src/providers/vertex.ts(18,30): error TS2339: Property 'getGenerativeModel' does not exist on type 'GoogleGenAI'.
src/providers/vertex.ts(43,30): error TS2339: Property 'getGenerativeModel' does not exist on type 'GoogleGenAI'.
src/providers/vertex.ts(76,30): error TS2339: Property 'getGenerativeModel' does not exist on type 'GoogleGenAI'.
node.exe : npm notice
発生場所 C:\Program Files\n
odejs\npx.ps1:29 文字:3
+   & $NODE_EXE $NPX_CL
I_JS $args
+   ~~~~~~~~~~~~~~~~~~~
~~~~~~~~~~
    + CategoryInfo     
         : NotSpecifi  
  ed: (npm notice:St   
 ring) [], RemoteEx    
ception
    + FullyQualifiedEr 
   rorId : NativeComm  
  andError
 
npm notice New major ve
rsion of npm available!
 10.9.2 -> 11.11.1
npm notice Changelog: h
ttps://github.com/npm/c
li/releases/tag/v11.11.
1
npm notice To update ru
n: npm install -g npm@1
1.11.1
npm notice
