src/components/ErrorBoundary.tsx(55,17): error TS2339: Property 'props' does not exist on type 'ErrorBoundary'.
src/config/env.ts(22,30): error TS2339: Property 'env' does not exist on type 'ImportMeta'.
npm notice
npm notice New major version of npm available! 10.9.2 -> 11.11.1
npm notice Changelog: https://github.com/npm/cli/releases/tag/v11.11.1
npm notice To update run: npm install -g npm@11.11.1
npm notice
